
> my-project@0.1.0 build
> next build

Γû▓ Next.js 16.2.6 (Turbopack)
- Environments: .env.local

node.exe : ΓÜá The "middleware" file convention is deprecated. Please use "proxy" instead. Learn more: https://nextjs.org/docs/messages/middleware-to-proxy
At line:1 char:1
+ & "C:\Program Files\nodejs/node.exe" "C:\Program Files\nodejs/node_mo ...
+ ~~~~~~~~~~~~~~~~~~~~~~~~~~~~~~~~~~~~~~~~~~~~~~~~~~~~~~~~~~~~~~~~~~~~~
    + CategoryInfo          : NotSpecified: (ΓÜá The "middle...leware-to-proxy:String) [], RemoteException
    + FullyQualifiedErrorId : NativeCommandError
 
  Creating an optimized production build ...
Turbopack build encountered 6 warnings:
[next]/internal/font/google/geist_dd5f33c6.module.css
Error while requesting resource
There was an issue establishing a connection while requesting https://fonts.googleapis.com/css2?family=Geist:wght@100..900&display=swap

Import trace:
  Server Component:
    [next]/internal/font/google/geist_dd5f33c6.module.css
    [next]/internal/font/google/geist_dd5f33c6.js
    ./app/layout.tsx


[next]/internal/font/google/geist_mono_d6617093.module.css
Error while requesting resource
There was an issue establishing a connection while requesting https://fonts.googleapis.com/css2?family=Geist+Mono:wght@100..900&display=swap

Import trace:
  Server Component:
    [next]/internal/font/google/geist_mono_d6617093.module.css
    [next]/internal/font/google/geist_mono_d6617093.js
    ./app/layout.tsx


[next]/internal/font/google/merriweather_2f6c91fa.module.css
Error while requesting resource
There was an issue establishing a connection while requesting https://fonts.googleapis.com/css2?family=Merriweather:wght@400;700&display=swap

Import trace:
  Server Component:
    [next]/internal/font/google/merriweather_2f6c91fa.module.css
    [next]/internal/font/google/merriweather_2f6c91fa.js
    ./app/layout.tsx


[next]/internal/font/google/oswald_6361d549.module.css
Error while requesting resource
There was an issue establishing a connection while requesting https://fonts.googleapis.com/css2?family=Oswald:wght@200..700&display=swap

Import trace:
  Server Component:
    [next]/internal/font/google/oswald_6361d549.module.css
    [next]/internal/font/google/oswald_6361d549.js
    ./app/layout.tsx


[next]/internal/font/google/poppins_94be8df2.module.css
Error while requesting resource
There was an issue establishing a connection while requesting https://fonts.googleapis.com/css2?family=Poppins:wght@400;600&display=swap

Import trace:
  Server Component:
    [next]/internal/font/google/poppins_94be8df2.module.css
    [next]/internal/font/google/poppins_94be8df2.js
    ./app/layout.tsx


[next]/internal/font/google/rubik_cd38be04.module.css
Error while requesting resource
There was an issue establishing a connection while requesting https://fonts.googleapis.com/css2?family=Rubik:wght@300..900&display=swap

Import trace:
  Server Component:
    [next]/internal/font/google/rubik_cd38be04.module.css
    [next]/internal/font/google/rubik_cd38be04.js
    ./app/layout.tsx



> Build error occurred
Error: Turbopack build failed with 6 errors:
[next]/internal/font/google/geist_dd5f33c6.module.css
next/font: error:
Failed to fetch `Geist` from Google Fonts.

Import trace:
  Server Component:
    [next]/internal/font/google/geist_dd5f33c6.module.css
    [next]/internal/font/google/geist_dd5f33c6.js
    ./app/layout.tsx


[next]/internal/font/google/geist_mono_d6617093.module.css
next/font: error:
Failed to fetch `Geist Mono` from Google Fonts.

Import trace:
  Server Component:
    [next]/internal/font/google/geist_mono_d6617093.module.css
    [next]/internal/font/google/geist_mono_d6617093.js
    ./app/layout.tsx


[next]/internal/font/google/merriweather_2f6c91fa.module.css
next/font: error:
Failed to fetch `Merriweather` from Google Fonts.

Import trace:
  Server Component:
    [next]/internal/font/google/merriweather_2f6c91fa.module.css
    [next]/internal/font/google/merriweather_2f6c91fa.js
    ./app/layout.tsx


[next]/internal/font/google/oswald_6361d549.module.css
next/font: error:
Failed to fetch `Oswald` from Google Fonts.

Import trace:
  Server Component:
    [next]/internal/font/google/oswald_6361d549.module.css
    [next]/internal/font/google/oswald_6361d549.js
    ./app/layout.tsx


[next]/internal/font/google/poppins_94be8df2.module.css
next/font: error:
Failed to fetch `Poppins` from Google Fonts.

Import trace:
  Server Component:
    [next]/internal/font/google/poppins_94be8df2.module.css
    [next]/internal/font/google/poppins_94be8df2.js
    ./app/layout.tsx


[next]/internal/font/google/rubik_cd38be04.module.css
next/font: error:
Failed to fetch `Rubik` from Google Fonts.

Import trace:
  Server Component:
    [next]/internal/font/google/rubik_cd38be04.module.css
    [next]/internal/font/google/rubik_cd38be04.js
    ./app/layout.tsx


    at ignore-listed frames
